[themihub.com/html/morex-demo/morex/index-dark.html]
[backblue.gif]
[fade.gif]
[index.html]
[themihub.com/html/morex-demo/morex/assets/images/favicon.ico]
[themihub.com/html/morex-demo/morex/assets/css/mobilemenu.css]
[cdn.jsdelivr.net/npm/swiper@8/swiper-bundle.min.css]
[themihub.com/html/morex-demo/morex/assets/css/styles.css]
[themihub.com/html/morex-demo/morex/index.html]
[themihub.com/html/morex-demo/morex/assets/images/logo-light.png]
[themihub.com/html/morex-demo/morex/assets/images/logo.png]
[themihub.com/html/morex-demo/morex/assets/images/hero-man-dark.png]
[themihub.com/html/morex-demo/morex/assets/images/hero-man.png]
[themihub.com/html/morex-demo/morex/assets/images/photoshop-logo.png]
[themihub.com/html/morex-demo/morex/assets/images/figma.png]
[themihub.com/html/morex-demo/morex/assets/images/about-me.png]
[themihub.com/html/morex-demo/morex/assets/images/logo/1.png]
[themihub.com/html/morex-demo/morex/assets/images/logo/dark-log-1.png]
[themihub.com/html/morex-demo/morex/assets/images/logo/2.png]
[themihub.com/html/morex-demo/morex/assets/images/logo/dark-log-2.png]
[themihub.com/html/morex-demo/morex/assets/images/logo/3.png]
[themihub.com/html/morex-demo/morex/assets/images/logo/dark-log-3.png]
[themihub.com/html/morex-demo/morex/assets/images/logo/4.png]
[themihub.com/html/morex-demo/morex/assets/images/logo/dark-log-4.png]
[themihub.com/html/morex-demo/morex/assets/images/logo/5.png]
[themihub.com/html/morex-demo/morex/assets/images/logo/dark-log-5.png]
[themihub.com/html/morex-demo/morex/assets/images/logo/6.png]
[themihub.com/html/morex-demo/morex/assets/images/logo/dark-log-6.png]
[themihub.com/html/morex-demo/morex/assets/images/logo/7.png]
[themihub.com/html/morex-demo/morex/assets/images/logo/dark-log-7.png]
[themihub.com/html/morex-demo/morex/assets/images/logo/8.png]
[themihub.com/html/morex-demo/morex/assets/images/logo/dark-log-8.png]
[themihub.com/html/morex-demo/morex/assets/images/portfolio/1.png]
[themihub.com/html/morex-demo/morex/assets/images/portfolio/big-1.png]
[themihub.com/html/morex-demo/morex/assets/images/portfolio/2.png]
[themihub.com/html/morex-demo/morex/assets/images/portfolio/big-2.png]
[themihub.com/html/morex-demo/morex/assets/images/portfolio/3.png]
[themihub.com/html/morex-demo/morex/assets/images/portfolio/big-3.png]
[themihub.com/html/morex-demo/morex/assets/images/portfolio/4.png]
[themihub.com/html/morex-demo/morex/assets/images/portfolio/big-4.png]
[themihub.com/html/morex-demo/morex/assets/images/portfolio/5.png]
[themihub.com/html/morex-demo/morex/assets/images/portfolio/big-5.png]
[themihub.com/html/morex-demo/morex/assets/images/portfolio/6.png]
[themihub.com/html/morex-demo/morex/assets/images/portfolio/big-6.png]
[themihub.com/html/morex-demo/morex/assets/images/portfolio/7.png]
[themihub.com/html/morex-demo/morex/assets/images/portfolio/big-7.png]
[themihub.com/html/morex-demo/morex/assets/images/portfolio/8.png]
[themihub.com/html/morex-demo/morex/assets/images/portfolio/big-8.png]
[themihub.com/html/morex-demo/morex/assets/images/portfolio/9.png]
[themihub.com/html/morex-demo/morex/assets/images/portfolio/big-9.png]
[themihub.com/html/morex-demo/morex/assets/images/testimonial/1.png]
[themihub.com/html/morex-demo/images/contact-bg.png]
[themihub.com/html/morex-demo/images/contact-bg-dark.png]
[themihub.com/html/morex-demo/morex/assets/images/blog/1.png]
[themihub.com/html/morex-demo/morex/assets/images/blog/blog-details-1.png]
[themihub.com/html/morex-demo/morex/assets/images/blog/avatar.png]
[themihub.com/html/morex-demo/morex/assets/images/blog/avatar-2.png]
[themihub.com/html/morex-demo/morex/assets/images/blog/2.png]
[themihub.com/html/morex-demo/morex/assets/images/blog/3.png]
[themihub.com/html/morex-demo/images/footer-bg.38.delayed]
[themihub.com/html/morex-demo/images/footer-bg-dark.png]
[cdn.jsdelivr.net/npm/swiper@8/swiper-bundle.min.js]
[themihub.com/html/morex-demo/morex/assets/js/imagesloaded.pkgd.min.js]
[themihub.com/html/morex-demo/morex/assets/js/isotope.pkgd.min.js]
[themihub.com/html/morex-demo/morex/index-dark.html]
[themihub.com/html/morex-demo/morex/assets/css/mobilemenu.css]
[cdn.jsdelivr.net/npm/swiper@8/swiper-bundle.min.css]
[themihub.com/html/morex-demo/morex/assets/js/script.js]
[themihub.com/html/morex-demo/morex/assets/images/hero-bg-img.png]
[themihub.com/html/morex-demo/morex/assets/images/about-me-bg.png]
[themihub.com/html/morex-demo/morex/assets/images/contact-bg.png]
[themihub.com/html/morex-demo/morex/assets/images/footer-bg.png]
[themihub.com/html/morex-demo/morex/assets/images/home2-hero-bg-dark.png]
[themihub.com/html/morex-demo/morex/assets/images/hero-bg-img-dark.png]
[themihub.com/html/morex-demo/morex/assets/images/contact-bg-dark.png]
[themihub.com/html/morex-demo/morex/assets/images/footer-bg-dark.png]
[themihub.com/html/morex-demo/morex/assets/css/styles.css]
[themihub.com/html/morex-demo/morex/index.html]
[themihub.com/html/morex-demo/images/contact-bg.html]
[themihub.com/html/morex-demo/images/contact-bg-dark.html]
[themihub.com/html/morex-demo/images/footer-bg.html]
[themihub.com/html/morex-demo/images/footer-bg-dark.html]
